Category: 📺央视频道, Name: CCTV-2, Total: 6, Valid: 6, Valid Percent: 100.00%, Whitelist: 0, IPv4: 6, IPv6: 0, Min Delay: 442 ms, Max Speed: 6.05 M/s, Avg Speed: 4.63 M/s, Max Resolution: 1280x720
Category: 📺央视频道, Name: CCTV-3, Total: 5, Valid: 5, Valid Percent: 100.00%, Whitelist: 0, IPv4: 5, IPv6: 0, Min Delay: 64 ms, Max Speed: 68.82 M/s, Avg Speed: 56.24 M/s, Max Resolution: 1920x1080
Category: 📺央视频道, Name: CCTV-4, Total: 13, Valid: 13, Valid Percent: 100.00%, Whitelist: 0, IPv4: 13, IPv6: 0, Min Delay: 64 ms, Max Speed: 68.82 M/s, Avg Speed: 28.55 M/s, Max Resolution: 1920x1080
Category: 📺央视频道, Name: CCTV-5, Total: 24, Valid: 24, Valid Percent: 100.00%, Whitelist: 0, IPv4: 24, IPv6: 0, Min Delay: 64 ms, Max Speed: 68.82 M/s, Avg Speed: 17.73 M/s, Max Resolution: 1920x1080
Category: 📺央视频道, Name: CCTV-5+, Total: 7, Valid: 7, Valid Percent: 100.00%, Whitelist: 0, IPv4: 7, IPv6: 0, Min Delay: 322 ms, Max Speed: 5.92 M/s, Avg Speed: 3.95 M/s, Max Resolution: 1920x1080
Category: 📺央视频道, Name: CCTV-6, Total: 19, Valid: 19, Valid Percent: 100.00%, Whitelist: 0, IPv4: 19, IPv6: 0, Min Delay: 64 ms, Max Speed: 68.82 M/s, Avg Speed: 27.93 M/s, Max Resolution: 1920x1080
Category: 📺央视频道, Name: CCTV-7, Total: 19, Valid: 19, Valid Percent: 100.00%, Whitelist: 0, IPv4: 19, IPv6: 0, Min Delay: 64 ms, Max Speed: 68.82 M/s, Avg Speed: 27.68 M/s, Max Resolution: 1920x1080
Category: 📺央视频道, Name: CCTV-8, Total: 21, Valid: 21, Valid Percent: 100.00%, Whitelist: 0, IPv4: 21, IPv6: 0, Min Delay: 64 ms, Max Speed: 68.82 M/s, Avg Speed: 22.51 M/s, Max Resolution: 1920x1080
Category: 📺央视频道, Name: CCTV-9, Total: 23, Valid: 23, Valid Percent: 100.00%, Whitelist: 0, IPv4: 23, IPv6: 0, Min Delay: 64 ms, Max Speed: 68.82 M/s, Avg Speed: 22.99 M/s, Max Resolution: 1920x1080
Category: 📺央视频道, Name: CCTV-10, Total: 27, Valid: 27, Valid Percent: 100.00%, Whitelist: 0, IPv4: 27, IPv6: 0, Min Delay: 64 ms, Max Speed: 68.82 M/s, Avg Speed: 20.01 M/s, Max Resolution: 1920x1080
Category: 📺央视频道, Name: CCTV-11, Total: 19, Valid: 19, Valid Percent: 100.00%, Whitelist: 0, IPv4: 19, IPv6: 0, Min Delay: 64 ms, Max Speed: 68.82 M/s, Avg Speed: 24.19 M/s, Max Resolution: 1920x1080
Category: 📺央视频道, Name: CCTV-12, Total: 20, Valid: 20, Valid Percent: 100.00%, Whitelist: 0, IPv4: 20, IPv6: 0, Min Delay: 64 ms, Max Speed: 68.82 M/s, Avg Speed: 26.42 M/s, Max Resolution: 1920x1080
Category: 📺央视频道, Name: CCTV-13, Total: 20, Valid: 20, Valid Percent: 100.00%, Whitelist: 0, IPv4: 18, IPv6: 2, Min Delay: 64 ms, Max Speed: 68.82 M/s, Avg Speed: 26.33 M/s, Max Resolution: 1920x1080
Category: 📺央视频道, Name: CCTV-14, Total: 25, Valid: 25, Valid Percent: 100.00%, Whitelist: 0, IPv4: 22, IPv6: 3, Min Delay: 64 ms, Max Speed: 68.82 M/s, Avg Speed: 21.75 M/s, Max Resolution: 1920x1080
Category: 📺央视频道, Name: CCTV-15, Total: 22, Valid: 22, Valid Percent: 100.00%, Whitelist: 0, IPv4: 22, IPv6: 0, Min Delay: 64 ms, Max Speed: 68.82 M/s, Avg Speed: 24.55 M/s, Max Resolution: 1920x1080
Category: 📺央视频道, Name: CCTV-16, Total: 18, Valid: 18, Valid Percent: 100.00%, Whitelist: 0, IPv4: 18, IPv6: 0, Min Delay: 64 ms, Max Speed: 68.82 M/s, Avg Speed: 18.43 M/s, Max Resolution: 1920x1080
Category: 📺央视频道, Name: CCTV-17, Total: 20, Valid: 20, Valid Percent: 100.00%, Whitelist: 0, IPv4: 20, IPv6: 0, Min Delay: 64 ms, Max Speed: 68.82 M/s, Avg Speed: 26.42 M/s, Max Resolution: 1920x1080
Category: 📺央视频道, Name: CETV-1, Total: 10, Valid: 10, Valid Percent: 100.00%, Whitelist: 0, IPv4: 10, IPv6: 0, Min Delay: 308 ms, Max Speed: 10.35 M/s, Avg Speed: 4.38 M/s, Max Resolution: 1920x1080
Category: 📺央视频道, Name: CETV-2, Total: 5, Valid: 5, Valid Percent: 100.00%, Whitelist: 0, IPv4: 5, IPv6: 0, Min Delay: 403 ms, Max Speed: 10.35 M/s, Avg Speed: 4.58 M/s, Max Resolution: 1920x1080
Category: 📺央视频道, Name: CETV-3, Total: 6, Valid: 6, Valid Percent: 100.00%, Whitelist: 0, IPv4: 6, IPv6: 0, Min Delay: 403 ms, Max Speed: 10.35 M/s, Avg Speed: 4.73 M/s, Max Resolution: 1920x1080
Category: 📺央视频道, Name: CETV-4, Total: 5, Valid: 5, Valid Percent: 100.00%, Whitelist: 0, IPv4: 5, IPv6: 0, Min Delay: 403 ms, Max Speed: 10.35 M/s, Avg Speed: 4.58 M/s, Max Resolution: 1920x1080
Category: 📡卫视频道, Name: 广东卫视, Total: 13, Valid: 13, Valid Percent: 100.00%, Whitelist: 0, IPv4: 13, IPv6: 0, Min Delay: 64 ms, Max Speed: 68.82 M/s, Avg Speed: 33.83 M/s, Max Resolution: 1920x1080
Category: 📡卫视频道, Name: 浙江卫视, Total: 18, Valid: 18, Valid Percent: 100.00%, Whitelist: 0, IPv4: 16, IPv6: 2, Min Delay: 64 ms, Max Speed: 68.82 M/s, Avg Speed: 25.24 M/s, Max Resolution: 1920x1080
Category: 📡卫视频道, Name: 湖南卫视, Total: 22, Valid: 22, Valid Percent: 100.00%, Whitelist: 0, IPv4: 22, IPv6: 0, Min Delay: 64 ms, Max Speed: 68.82 M/s, Avg Speed: 24.25 M/s, Max Resolution: 1920x1080
Category: 📡卫视频道, Name: 北京卫视, Total: 17, Valid: 17, Valid Percent: 100.00%, Whitelist: 0, IPv4: 17, IPv6: 0, Min Delay: 64 ms, Max Speed: 68.82 M/s, Avg Speed: 26.69 M/s, Max Resolution: 1920x1080
Category: 📡卫视频道, Name: 湖北卫视, Total: 16, Valid: 16, Valid Percent: 100.00%, Whitelist: 0, IPv4: 16, IPv6: 0, Min Delay: 64 ms, Max Speed: 68.82 M/s, Avg Speed: 31.95 M/s, Max Resolution: 1920x1080
Category: 📡卫视频道, Name: 黑龙江卫视, Total: 15, Valid: 15, Valid Percent: 100.00%, Whitelist: 0, IPv4: 15, IPv6: 0, Min Delay: 64 ms, Max Speed: 68.82 M/s, Avg Speed: 33.69 M/s, Max Resolution: 1920x1080
Category: 📡卫视频道, Name: 安徽卫视, Total: 16, Valid: 16, Valid Percent: 100.00%, Whitelist: 0, IPv4: 16, IPv6: 0, Min Delay: 64 ms, Max Speed: 68.82 M/s, Avg Speed: 32.03 M/s, Max Resolution: 1920x1080
Category: 📡卫视频道, Name: 重庆卫视, Total: 17, Valid: 17, Valid Percent: 100.00%, Whitelist: 0, IPv4: 17, IPv6: 0, Min Delay: 64 ms, Max Speed: 68.82 M/s, Avg Speed: 34.12 M/s, Max Resolution: 1920x1080
Category: 📡卫视频道, Name: 东方卫视, Total: 20, Valid: 20, Valid Percent: 100.00%, Whitelist: 0, IPv4: 20, IPv6: 0, Min Delay: 64 ms, Max Speed: 68.82 M/s, Avg Speed: 30.22 M/s, Max Resolution: 1920x1080
Category: 📡卫视频道, Name: 东南卫视, Total: 16, Valid: 16, Valid Percent: 100.00%, Whitelist: 0, IPv4: 16, IPv6: 0, Min Delay: 64 ms, Max Speed: 68.82 M/s, Avg Speed: 40.38 M/s, Max Resolution: 1920x1080
Category: 📡卫视频道, Name: 甘肃卫视, Total: 11, Valid: 11, Valid Percent: 100.00%, Whitelist: 0, IPv4: 11, IPv6: 0, Min Delay: 64 ms, Max Speed: 68.82 M/s, Avg Speed: 45.08 M/s, Max Resolution: 1920x1080
Category: 📡卫视频道, Name: 广西卫视, Total: 18, Valid: 17, Valid Percent: 94.44%, Whitelist: 0, IPv4: 16, IPv6: 2, Min Delay: 64 ms, Max Speed: 68.82 M/s, Avg Speed: 38.04 M/s, Max Resolution: 1920x1080
Category: 📡卫视频道, Name: 贵州卫视, Total: 17, Valid: 17, Valid Percent: 100.00%, Whitelist: 0, IPv4: 17, IPv6: 0, Min Delay: 64 ms, Max Speed: 68.82 M/s, Avg Speed: 41.83 M/s, Max Resolution: 1920x1080
Category: 📡卫视频道, Name: 海南卫视, Total: 11, Valid: 11, Valid Percent: 100.00%, Whitelist: 0, IPv4: 11, IPv6: 0, Min Delay: 64 ms, Max Speed: 68.82 M/s, Avg Speed: 44.79 M/s, Max Resolution: 1920x1080
Category: 📡卫视频道, Name: 河北卫视, Total: 18, Valid: 18, Valid Percent: 100.00%, Whitelist: 0, IPv4: 18, IPv6: 0, Min Delay: 64 ms, Max Speed: 68.82 M/s, Avg Speed: 36.05 M/s, Max Resolution: 1920x1080
Category: 📡卫视频道, Name: 河南卫视, Total: 19, Valid: 19, Valid Percent: 100.00%, Whitelist: 0, IPv4: 19, IPv6: 0, Min Delay: 64 ms, Max Speed: 68.82 M/s, Avg Speed: 37.84 M/s, Max Resolution: 1920x1080
Category: 📡卫视频道, Name: 吉林卫视, Total: 13, Valid: 13, Valid Percent: 100.00%, Whitelist: 0, IPv4: 13, IPv6: 0, Min Delay: 64 ms, Max Speed: 68.82 M/s, Avg Speed: 33.53 M/s, Max Resolution: 1920x1080
Category: 📡卫视频道, Name: 江苏卫视, Total: 18, Valid: 18, Valid Percent: 100.00%, Whitelist: 0, IPv4: 18, IPv6: 0, Min Delay: 64 ms, Max Speed: 68.82 M/s, Avg Speed: 29.38 M/s, Max Resolution: 1920x1080
Category: 📡卫视频道, Name: 江西卫视, Total: 15, Valid: 15, Valid Percent: 100.00%, Whitelist: 0, IPv4: 15, IPv6: 0, Min Delay: 64 ms, Max Speed: 68.82 M/s, Avg Speed: 33.69 M/s, Max Resolution: 1920x1080
Category: 📡卫视频道, Name: 辽宁卫视, Total: 16, Valid: 16, Valid Percent: 100.00%, Whitelist: 0, IPv4: 16, IPv6: 0, Min Delay: 64 ms, Max Speed: 68.82 M/s, Avg Speed: 36.21 M/s, Max Resolution: 1920x1080
Category: 📡卫视频道, Name: 内蒙古卫视, Total: 14, Valid: 14, Valid Percent: 100.00%, Whitelist: 0, IPv4: 14, IPv6: 0, Min Delay: 64 ms, Max Speed: 68.82 M/s, Avg Speed: 26.27 M/s, Max Resolution: 1920x1080
Category: 📡卫视频道, Name: 宁夏卫视, Total: 13, Valid: 13, Valid Percent: 100.00%, Whitelist: 0, IPv4: 13, IPv6: 0, Min Delay: 64 ms, Max Speed: 68.82 M/s, Avg Speed: 33.65 M/s, Max Resolution: 1920x1080
Category: 📡卫视频道, Name: 青海卫视, Total: 18, Valid: 18, Valid Percent: 100.00%, Whitelist: 0, IPv4: 16, IPv6: 2, Min Delay: 64 ms, Max Speed: 68.82 M/s, Avg Speed: 31.97 M/s, Max Resolution: 1920x1080
Category: 📡卫视频道, Name: 山东卫视, Total: 16, Valid: 16, Valid Percent: 100.00%, Whitelist: 0, IPv4: 16, IPv6: 0, Min Delay: 64 ms, Max Speed: 68.82 M/s, Avg Speed: 32.28 M/s, Max Resolution: 1920x1080
Category: 📡卫视频道, Name: 山西卫视, Total: 12, Valid: 12, Valid Percent: 100.00%, Whitelist: 0, IPv4: 12, IPv6: 0, Min Delay: 64 ms, Max Speed: 68.82 M/s, Avg Speed: 30.49 M/s, Max Resolution: 1920x1080
Category: 📡卫视频道, Name: 陕西卫视, Total: 12, Valid: 12, Valid Percent: 100.00%, Whitelist: 0, IPv4: 12, IPv6: 0, Min Delay: 64 ms, Max Speed: 68.82 M/s, Avg Speed: 19.66 M/s, Max Resolution: 1920x1080
Category: 📡卫视频道, Name: 四川卫视, Total: 18, Valid: 18, Valid Percent: 100.00%, Whitelist: 0, IPv4: 18, IPv6: 0, Min Delay: 64 ms, Max Speed: 68.82 M/s, Avg Speed: 39.54 M/s, Max Resolution: 1920x1080
Category: 📡卫视频道, Name: 深圳卫视, Total: 16, Valid: 16, Valid Percent: 100.00%, Whitelist: 0, IPv4: 16, IPv6: 0, Min Delay: 64 ms, Max Speed: 68.82 M/s, Avg Speed: 32.03 M/s, Max Resolution: 1920x1080
Category: 📡卫视频道, Name: 三沙卫视, Total: 11, Valid: 11, Valid Percent: 100.00%, Whitelist: 0, IPv4: 11, IPv6: 0, Min Delay: 64 ms, Max Speed: 68.82 M/s, Avg Speed: 39.18 M/s, Max Resolution: 1920x1080
Category: 📡卫视频道, Name: 天津卫视, Total: 14, Valid: 14, Valid Percent: 100.00%, Whitelist: 0, IPv4: 14, IPv6: 0, Min Delay: 64 ms, Max Speed: 68.82 M/s, Avg Speed: 31.82 M/s, Max Resolution: 1920x1080
Category: 📡卫视频道, Name: 西藏卫视, Total: 15, Valid: 15, Valid Percent: 100.00%, Whitelist: 0, IPv4: 13, IPv6: 2, Min Delay: 64 ms, Max Speed: 68.82 M/s, Avg Speed: 24.23 M/s, Max Resolution: 1920x1080
Category: 📡卫视频道, Name: 新疆卫视, Total: 18, Valid: 18, Valid Percent: 100.00%, Whitelist: 0, IPv4: 17, IPv6: 1, Min Delay: 64 ms, Max Speed: 68.82 M/s, Avg Speed: 20.55 M/s, Max Resolution: 1920x1080
Category: 📡卫视频道, Name: 云南卫视, Total: 18, Valid: 18, Valid Percent: 100.00%, Whitelist: 0, IPv4: 17, IPv6: 1, Min Delay: 64 ms, Max Speed: 68.82 M/s, Avg Speed: 35.75 M/s, Max Resolution: 1920x1080
Category: 🌊港·澳·台, Name: 翡翠台, Total: 16, Valid: 14, Valid Percent: 87.50%, Whitelist: 0, IPv4: 3, IPv6: 13, Min Delay: 339 ms, Max Speed: 2.06 M/s, Avg Speed: 0.70 M/s, Max Resolution: 1920x1080
Category: 🌊港·澳·台, Name: 凤凰中文, Total: 10, Valid: 10, Valid Percent: 100.00%, Whitelist: 0, IPv4: 4, IPv6: 6, Min Delay: 439 ms, Max Speed: 0.59 M/s, Avg Speed: 0.41 M/s, Max Resolution: 1920x1080
Category: 🌊港·澳·台, Name: 凤凰资讯, Total: 11, Valid: 11, Valid Percent: 100.00%, Whitelist: 0, IPv4: 3, IPv6: 8, Min Delay: 439 ms, Max Speed: 6.05 M/s, Avg Speed: 1.01 M/s, Max Resolution: 1920x1080
Category: 🌊港·澳·台, Name: 凤凰香港, Total: 9, Valid: 9, Valid Percent: 100.00%, Whitelist: 0, IPv4: 3, IPv6: 6, Min Delay: 439 ms, Max Speed: 6.05 M/s, Avg Speed: 1.10 M/s, Max Resolution: 1920x1080
Category: 🌊港·澳·台, Name: TVBS亚洲, Total: 5, Valid: 5, Valid Percent: 100.00%, Whitelist: 0, IPv4: 3, IPv6: 2, Min Delay: 433 ms, Max Speed: 6.79 M/s, Avg Speed: 3.33 M/s, Max Resolution: 1920x1080
Category: 🌊港·澳·台, Name: 纬来体育, Total: 3, Valid: 0, Valid Percent: 0.00%, Whitelist: 0, IPv4: 3, IPv6: 0, Min Delay: -1 ms, Max Speed: 0.00 M/s, Avg Speed: 0.00 M/s, Max Resolution: 1280x720
Category: 🌊港·澳·台, Name: 东森超视, Total: 2, Valid: 2, Valid Percent: 100.00%, Whitelist: 0, IPv4: 2, IPv6: 0, Min Delay: 1727 ms, Max Speed: 1.02 M/s, Avg Speed: 1.02 M/s, Max Resolution: 1920x1080
Category: 🌊港·澳·台, Name: 星卫娱乐, Total: 2, Valid: 2, Valid Percent: 100.00%, Whitelist: 0, IPv4: 2, IPv6: 0, Min Delay: 12338 ms, Max Speed: 0.17 M/s, Avg Speed: 0.17 M/s, Max Resolution: 1920x1080
Category: 🏀体育频道, Name: CCTV-5, Total: 21, Valid: 21, Valid Percent: 100.00%, Whitelist: 0, IPv4: 21, IPv6: 0, Min Delay: 64 ms, Max Speed: 68.82 M/s, Avg Speed: 19.69 M/s, Max Resolution: 1920x1080
Category: 🏀体育频道, Name: CCTV-5+, Total: 6, Valid: 6, Valid Percent: 100.00%, Whitelist: 0, IPv4: 6, IPv6: 0, Min Delay: 322 ms, Max Speed: 5.92 M/s, Avg Speed: 4.16 M/s, Max Resolution: 1920x1080
Category: 🏀体育频道, Name: 广东体育, Total: 7, Valid: 7, Valid Percent: 100.00%, Whitelist: 0, IPv4: 5, IPv6: 2, Min Delay: 339 ms, Max Speed: 6.05 M/s, Avg Speed: 3.42 M/s, Max Resolution: 1920x1080
Category: 🏀体育频道, Name: 五星体育, Total: 2, Valid: 2, Valid Percent: 100.00%, Whitelist: 0, IPv4: 2, IPv6: 0, Min Delay: 403 ms, Max Speed: 5.85 M/s, Avg Speed: 4.59 M/s, Max Resolution: 1920x1080
